// Jest Snapshot v1, https://goo.gl/fbAQLP

exports[`when OS is "darwin" gets download object 1`] = `
{
  "binPath": "htmlq-x86_64-darwin/bin",
  "url": "https://github.com/mgdm/htmlq/releases/download/v0.4.0/htmlq-x86_64-darwin.tar.gz",
}
`;

exports[`when OS is "linux" gets download object 1`] = `
{
  "binPath": "htmlq-x86_64-linux/bin",
  "url": "https://github.com/mgdm/htmlq/releases/download/v0.4.0/htmlq-x86_64-linux.tar.gz",
}
`;

exports[`when OS is "win32" gets download object 1`] = `
{
  "binPath": "bin",
  "url": "https://github.com/mgdm/htmlq/releases/download/v0.4.0/htmlq-x86_64-windows.zip",
}
`;
